// Jest Snapshot v1, https://goo.gl/fbAQLP

exports[`matches snapshot 1`] = `
.c0 {
  background-color: #7986cb;
  padding: 15px 25px;
  border-bottom: 1px solid #d3d3d3;
  box-shadow: #d9d9d9 2px 2px 4px 0px;
}

.c1 {
  vertical-align: middle;
}

.c2 {
  float: right;
  margin-top: 4px;
  cursor: pointer;
}

.c4 {
  border-bottom: solid 1px #eee;
}

.c6 {
  display: inline-block;
  margin-bottom: 5px;
}

.c7 {
  font-weight: normal;
  margin-top: 0;
  color: #767676;
  font-weight: bold;
}

.c5 {
  float: right;
  cursor: pointer;
  margin-top: 20px;
  -webkit-animation: null;
  animation: null;
}

.c3 {
  background-color: #fff;
  padding: 0 15px 25px;
  box-shadow: #eee 2px 2px;
  margin: 30px auto;
  width: 80%;
}

.c8 {
  padding: 20px 0px;
}

.c12 {
  cursor: pointer;
}

.c11 {
  padding: 10px;
  text-align: right;
  width: auto;
  color: #4b4b4b;
  font-weight: normal;
  padding-bottom: 25px;
}

.c13 {
  padding: 10px;
  text-align: right;
  width: auto;
  color: #4b4b4b;
  font-weight: normal;
  padding-bottom: 10px;
}

.c14 {
  margin: 0px;
  color: #7f7f7f;
  font-weight: normal;
}

.c19 {
  position: absolute;
  z-index: 1;
  font-weight: normal;
  right: 20px;
  top: -5px;
  text-align: right;
  color: #3f3f3f;
}

.c18 {
  position: relative;
  padding: 10px;
  width: auto;
  padding-top: 30px;
}

.c15 {
  position: relative;
  padding: 20px;
}

.c16 {
  padding-right: 10px;
  width: 20px;
}

.c17 {
  width: calc(100% - 25px);
  display: inline-block;
}

.c9 {
  width: 100%;
  table-layout: fixed;
  height: 90vh;
  overflow-y: scroll;
  border-collapse: collapse;
}

.c10 {
  background: #f2f2f2;
  padding: 15px;
}

<div>
  <div
    data-testid="home"
  >
    <div
      class="c0"
      data-testid="navHeader"
    >
      <img
        class="c1"
        src="clarisightsLogo.svg"
      />
      <svg
        aria-hidden="true"
        class="svg-inline--fa fa-bars fa-w-14 c2"
        data-icon="bars"
        data-prefix="fas"
        focusable="false"
        role="img"
        viewBox="0 0 448 512"
        xmlns="http://www.w3.org/2000/svg"
      >
        <path
          d="M16 132h416c8.837 0 16-7.163 16-16V76c0-8.837-7.163-16-16-16H16C7.163 60 0 67.163 0 76v40c0 8.837 7.163 16 16 16zm0 160h416c8.837 0 16-7.163 16-16v-40c0-8.837-7.163-16-16-16H16c-8.837 0-16 7.163-16 16v40c0 8.837 7.163 16 16 16zm0 160h416c8.837 0 16-7.163 16-16v-40c0-8.837-7.163-16-16-16H16c-8.837 0-16 7.163-16 16v40c0 8.837 7.163 16 16 16z"
          fill="currentColor"
        />
      </svg>
    </div>
    <div
      class="c3"
      data-testid="card"
    >
      <div
        class="c4"
        data-testid="cardHead"
      >
        <svg
          aria-hidden="true"
          class="svg-inline--fa fa-redo-alt fa-w-16 c5"
          data-icon="redo-alt"
          data-prefix="fas"
          data-tip="Reload Data"
          focusable="false"
          role="img"
          viewBox="0 0 512 512"
          xmlns="http://www.w3.org/2000/svg"
        >
          <path
            d="M256.455 8c66.269.119 126.437 26.233 170.859 68.685l35.715-35.715C478.149 25.851 504 36.559 504 57.941V192c0 13.255-10.745 24-24 24H345.941c-21.382 0-32.09-25.851-16.971-40.971l41.75-41.75c-30.864-28.899-70.801-44.907-113.23-45.273-92.398-.798-170.283 73.977-169.484 169.442C88.764 348.009 162.184 424 256 424c41.127 0 79.997-14.678 110.629-41.556 4.743-4.161 11.906-3.908 16.368.553l39.662 39.662c4.872 4.872 4.631 12.815-.482 17.433C378.202 479.813 319.926 504 256 504 119.034 504 8.001 392.967 8 256.002 7.999 119.193 119.646 7.755 256.455 8z"
            fill="currentColor"
          />
        </svg>
        <h3
          class="c6"
        >
          Your Facebook Campaigns' Data
        </h3>
        <h4
          class="c7"
        >
          Showing Data From 
          <span>
            1
            <sup>
              st
            </sup>
          </span>
          Jun 2020 to 
          <span>
            2
            <sup>
              nd
            </sup>
          </span>
          Jun 2020
        </h4>
        <div>
          react-tooltip
        </div>
      </div>
      <div
        class="c8"
      >
        <table
          class="c9"
          data-testid="datatable"
        >
          <thead>
            <tr
              class="c10"
            >
              <th
                class="c11"
              >
                Campaign Id
                 
                <svg
                  aria-hidden="true"
                  class="svg-inline--fa fa-caret-down fa-w-10 c12"
                  data-for="columnCollapseTooltip"
                  data-icon="caret-down"
                  data-prefix="fas"
                  data-tip="true"
                  focusable="false"
                  role="img"
                  viewBox="0 0 320 512"
                  xmlns="http://www.w3.org/2000/svg"
                >
                  <path
                    d="M31.3 192h257.3c17.8 0 26.7 21.5 14.1 34.1L174.1 354.8c-7.8 7.8-20.5 7.8-28.3 0L17.2 226.1C4.6 213.5 13.5 192 31.3 192z"
                    fill="currentColor"
                  />
                </svg>
                <div>
                  react-tooltip
                </div>
              </th>
              <th
                class="c13"
              >
                App and Installs
                 
                <svg
                  aria-hidden="true"
                  class="svg-inline--fa fa-caret-down fa-w-10 c12"
                  data-for="columnCollapseTooltip"
                  data-icon="caret-down"
                  data-prefix="fas"
                  data-tip="true"
                  focusable="false"
                  role="img"
                  viewBox="0 0 320 512"
                  xmlns="http://www.w3.org/2000/svg"
                >
                  <path
                    d="M31.3 192h257.3c17.8 0 26.7 21.5 14.1 34.1L174.1 354.8c-7.8 7.8-20.5 7.8-28.3 0L17.2 226.1C4.6 213.5 13.5 192 31.3 192z"
                    fill="currentColor"
                  />
                </svg>
                <h4
                  class="c14"
                >
                  € 
                  344
                </h4>
                <div>
                  react-tooltip
                </div>
              </th>
              <th
                class="c13"
              >
                CoH Real Acquisition
                 
                <svg
                  aria-hidden="true"
                  class="svg-inline--fa fa-caret-down fa-w-10 c12"
                  data-for="columnCollapseTooltip"
                  data-icon="caret-down"
                  data-prefix="fas"
                  data-tip="true"
                  focusable="false"
                  role="img"
                  viewBox="0 0 320 512"
                  xmlns="http://www.w3.org/2000/svg"
                >
                  <path
                    d="M31.3 192h257.3c17.8 0 26.7 21.5 14.1 34.1L174.1 354.8c-7.8 7.8-20.5 7.8-28.3 0L17.2 226.1C4.6 213.5 13.5 192 31.3 192z"
                    fill="currentColor"
                  />
                </svg>
                <h4
                  class="c14"
                >
                  € 
                  35
                </h4>
                <div>
                  react-tooltip
                </div>
              </th>
            </tr>
          </thead>
          <tbody>
            <tr
              data-testid="recordRow"
            >
              <td
                class="c15"
                data-testid="dataCellCampaignId"
              >
                <svg
                  aria-hidden="true"
                  class="svg-inline--fa fa-angle-right fa-w-8 fa-lg c16"
                  color="#3F51B5"
                  data-icon="angle-right"
                  data-prefix="fas"
                  focusable="false"
                  role="img"
                  viewBox="0 0 256 512"
                  xmlns="http://www.w3.org/2000/svg"
                >
                  <path
                    d="M224.3 273l-136 136c-9.4 9.4-24.6 9.4-33.9 0l-22.6-22.6c-9.4-9.4-9.4-24.6 0-33.9l96.4-96.4-96.4-96.4c-9.4-9.4-9.4-24.6 0-33.9L54.3 103c9.4-9.4 24.6-9.4 33.9 0l136 136c9.5 9.4 9.5 24.6.1 34z"
                    fill="currentColor"
                  />
                </svg>
                <span
                  class="c17"
                >
                  99733871-f7c5-4b52-9773-1ca69816fc03
                </span>
              </td>
              <td
                class="c18"
                data-testid="dataCellGraph"
              >
                <h4
                  class="c19"
                >
                  € 
                  344
                </h4>
                <div
                  id="MockedHighcharts"
                >
                  {"chart":{"type":"area","height":"43.75%","margin":0},"credits":{"enabled":false},"title":false,"legend":{"enabled":false},"xAxis":{"labels":{"enabled":false},"title":false,"tickLength":0,"lineColor":"transparent"},"yAxis":{"labels":{"enabled":false},"title":false,"gridLineWidth":0},"plotOptions":{"series":{"fillColor":"#eaebfe","color":"#c8c9ff","marker":{"radius":2.5}}},"tooltip":{},"series":[{"data":[["2020-06-01",178],["2020-06-02",166]]}]}
                </div>
              </td>
              <td
                class="c18"
                data-testid="dataCellGraph"
              >
                <h4
                  class="c19"
                >
                  € 
                  35
                </h4>
                <div
                  id="MockedHighcharts"
                >
                  {"chart":{"type":"area","height":"43.75%","margin":0},"credits":{"enabled":false},"title":false,"legend":{"enabled":false},"xAxis":{"labels":{"enabled":false},"title":false,"tickLength":0,"lineColor":"transparent"},"yAxis":{"labels":{"enabled":false},"title":false,"gridLineWidth":0},"plotOptions":{"series":{"fillColor":"#eaebfe","color":"#c8c9ff","marker":{"radius":2.5}}},"tooltip":{},"series":[{"data":[["2020-06-01",14],["2020-06-02",21]]}]}
                </div>
              </td>
            </tr>
          </tbody>
        </table>
      </div>
    </div>
  </div>
</div>
`;
