// Jest Snapshot v1, https://goo.gl/fbAQLP

exports[`matches snapshot 1`] = `
.c3 {
  cursor: pointer;
}

.c2 {
  padding: 10px;
  text-align: right;
  width: auto;
  color: #4b4b4b;
  font-weight: normal;
  padding-bottom: 25px;
}

.c4 {
  padding: 10px;
  text-align: right;
  width: auto;
  color: #4b4b4b;
  font-weight: normal;
  padding-bottom: 10px;
}

.c5 {
  margin: 0px;
  color: #7f7f7f;
  font-weight: normal;
}

.c10 {
  position: absolute;
  z-index: 1;
  font-weight: normal;
  right: 20px;
  top: -5px;
  text-align: right;
  color: #3f3f3f;
}

.c9 {
  position: relative;
  padding: 10px;
  width: auto;
  padding-top: 30px;
}

.c6 {
  position: relative;
  padding: 20px;
}

.c7 {
  padding-right: 10px;
  width: 20px;
}

.c8 {
  width: calc(100% - 25px);
  display: inline-block;
}

.c0 {
  width: 100%;
  table-layout: fixed;
  height: 90vh;
  overflow-y: scroll;
  border-collapse: collapse;
}

.c1 {
  background: #f2f2f2;
  padding: 15px;
}

<table
  className="c0"
  data-testid="datatable"
>
  <thead>
    <tr
      className="c1"
    >
      <th
        className="c2"
      >
        Campaign Id
         
        <svg
          aria-hidden="true"
          className="svg-inline--fa fa-caret-down fa-w-10 c3"
          data-for="columnCollapseTooltip"
          data-icon="caret-down"
          data-prefix="fas"
          data-tip={true}
          focusable="false"
          onClick={[Function]}
          role="img"
          style={Object {}}
          viewBox="0 0 320 512"
          xmlns="http://www.w3.org/2000/svg"
        >
          <path
            d="M31.3 192h257.3c17.8 0 26.7 21.5 14.1 34.1L174.1 354.8c-7.8 7.8-20.5 7.8-28.3 0L17.2 226.1C4.6 213.5 13.5 192 31.3 192z"
            fill="currentColor"
            style={Object {}}
          />
        </svg>
        <div>
          react-tooltip
        </div>
      </th>
      <th
        className="c4"
      >
        App and Installs
         
        <svg
          aria-hidden="true"
          className="svg-inline--fa fa-caret-down fa-w-10 c3"
          data-for="columnCollapseTooltip"
          data-icon="caret-down"
          data-prefix="fas"
          data-tip={true}
          focusable="false"
          onClick={[Function]}
          role="img"
          style={Object {}}
          viewBox="0 0 320 512"
          xmlns="http://www.w3.org/2000/svg"
        >
          <path
            d="M31.3 192h257.3c17.8 0 26.7 21.5 14.1 34.1L174.1 354.8c-7.8 7.8-20.5 7.8-28.3 0L17.2 226.1C4.6 213.5 13.5 192 31.3 192z"
            fill="currentColor"
            style={Object {}}
          />
        </svg>
        <h4
          className="c5"
        >
          € 
          178
        </h4>
        <div>
          react-tooltip
        </div>
      </th>
      <th
        className="c4"
      >
        CoH Real Acquisition
         
        <svg
          aria-hidden="true"
          className="svg-inline--fa fa-caret-down fa-w-10 c3"
          data-for="columnCollapseTooltip"
          data-icon="caret-down"
          data-prefix="fas"
          data-tip={true}
          focusable="false"
          onClick={[Function]}
          role="img"
          style={Object {}}
          viewBox="0 0 320 512"
          xmlns="http://www.w3.org/2000/svg"
        >
          <path
            d="M31.3 192h257.3c17.8 0 26.7 21.5 14.1 34.1L174.1 354.8c-7.8 7.8-20.5 7.8-28.3 0L17.2 226.1C4.6 213.5 13.5 192 31.3 192z"
            fill="currentColor"
            style={Object {}}
          />
        </svg>
        <h4
          className="c5"
        >
          € 
          14
        </h4>
        <div>
          react-tooltip
        </div>
      </th>
    </tr>
  </thead>
  <tbody>
    <tr
      data-testid="recordRow"
    >
      <td
        className="c6"
        data-testid="dataCellCampaignId"
      >
        <svg
          aria-hidden="true"
          className="svg-inline--fa fa-angle-right fa-w-8 fa-lg c7"
          color="#3F51B5"
          data-icon="angle-right"
          data-prefix="fas"
          focusable="false"
          role="img"
          style={Object {}}
          viewBox="0 0 256 512"
          xmlns="http://www.w3.org/2000/svg"
        >
          <path
            d="M224.3 273l-136 136c-9.4 9.4-24.6 9.4-33.9 0l-22.6-22.6c-9.4-9.4-9.4-24.6 0-33.9l96.4-96.4-96.4-96.4c-9.4-9.4-9.4-24.6 0-33.9L54.3 103c9.4-9.4 24.6-9.4 33.9 0l136 136c9.5 9.4 9.5 24.6.1 34z"
            fill="currentColor"
            style={Object {}}
          />
        </svg>
        <span
          className="c8"
        >
          99733871-f7c5-4b52-9773-1ca69816fc03
        </span>
      </td>
      <td
        className="c9"
        data-testid="dataCellGraph"
      >
        <h4
          className="c10"
        >
          € 
          178
        </h4>
        <div
          id="MockedHighcharts"
        >
          {"chart":{"type":"area","height":"43.75%","margin":0},"credits":{"enabled":false},"title":false,"legend":{"enabled":false},"xAxis":{"labels":{"enabled":false},"title":false,"tickLength":0,"lineColor":"transparent"},"yAxis":{"labels":{"enabled":false},"title":false,"gridLineWidth":0},"plotOptions":{"series":{"fillColor":"#eaebfe","color":"#c8c9ff","marker":{"radius":2.5}}},"tooltip":{},"series":[{"data":[["2020-06-01",178]]}]}
        </div>
      </td>
      <td
        className="c9"
        data-testid="dataCellGraph"
      >
        <h4
          className="c10"
        >
          € 
          14
        </h4>
        <div
          id="MockedHighcharts"
        >
          {"chart":{"type":"area","height":"43.75%","margin":0},"credits":{"enabled":false},"title":false,"legend":{"enabled":false},"xAxis":{"labels":{"enabled":false},"title":false,"tickLength":0,"lineColor":"transparent"},"yAxis":{"labels":{"enabled":false},"title":false,"gridLineWidth":0},"plotOptions":{"series":{"fillColor":"#eaebfe","color":"#c8c9ff","marker":{"radius":2.5}}},"tooltip":{},"series":[{"data":[["2020-06-01",14]]}]}
        </div>
      </td>
    </tr>
  </tbody>
</table>
`;
