// Jest Snapshot v1, https://goo.gl/fbAQLP

exports[`matches snapshot 1`] = `
.c3 {
  cursor: pointer;
}

.c2 {
  padding: 10px;
  text-align: right;
  width: auto;
  color: #4b4b4b;
  font-weight: normal;
  padding-bottom: 25px;
}

.c4 {
  padding: 10px;
  text-align: right;
  width: auto;
  color: #4b4b4b;
  font-weight: normal;
  padding-bottom: 10px;
}

.c5 {
  margin: 0px;
  color: #7f7f7f;
  font-weight: normal;
}

.c0 {
  width: 100%;
  table-layout: fixed;
  height: 90vh;
  overflow-y: scroll;
  border-collapse: collapse;
}

.c1 {
  background: #f2f2f2;
  padding: 15px;
}

<div
  className="dataTableWrap"
>
  <table
    className="c0"
    data-testid="datatable"
  >
    <thead>
      <tr
        className="c1"
      >
        <th
          className="c2"
        >
          Campaign Id
           
          <svg
            aria-hidden="true"
            className="svg-inline--fa fa-caret-down fa-w-10 c3"
            data-for="columnCollapseTooltip"
            data-icon="caret-down"
            data-prefix="fas"
            data-tip={true}
            focusable="false"
            onClick={[Function]}
            role="img"
            style={Object {}}
            viewBox="0 0 320 512"
            xmlns="http://www.w3.org/2000/svg"
          >
            <path
              d="M31.3 192h257.3c17.8 0 26.7 21.5 14.1 34.1L174.1 354.8c-7.8 7.8-20.5 7.8-28.3 0L17.2 226.1C4.6 213.5 13.5 192 31.3 192z"
              fill="currentColor"
              style={Object {}}
            />
          </svg>
          <div>
            react-tooltip
          </div>
        </th>
        <th
          className="c4"
        >
          App and Installs
           
          <svg
            aria-hidden="true"
            className="svg-inline--fa fa-caret-down fa-w-10 c3"
            data-for="columnCollapseTooltip"
            data-icon="caret-down"
            data-prefix="fas"
            data-tip={true}
            focusable="false"
            onClick={[Function]}
            role="img"
            style={Object {}}
            viewBox="0 0 320 512"
            xmlns="http://www.w3.org/2000/svg"
          >
            <path
              d="M31.3 192h257.3c17.8 0 26.7 21.5 14.1 34.1L174.1 354.8c-7.8 7.8-20.5 7.8-28.3 0L17.2 226.1C4.6 213.5 13.5 192 31.3 192z"
              fill="currentColor"
              style={Object {}}
            />
          </svg>
          <h4
            className="c5"
            dangerouslySetInnerHTML={
              Object {
                "__html": "&euro;&nbsp;178",
              }
            }
          />
          <div>
            react-tooltip
          </div>
        </th>
        <th
          className="c4"
        >
          CoH Real Acquisition
           
          <svg
            aria-hidden="true"
            className="svg-inline--fa fa-caret-down fa-w-10 c3"
            data-for="columnCollapseTooltip"
            data-icon="caret-down"
            data-prefix="fas"
            data-tip={true}
            focusable="false"
            onClick={[Function]}
            role="img"
            style={Object {}}
            viewBox="0 0 320 512"
            xmlns="http://www.w3.org/2000/svg"
          >
            <path
              d="M31.3 192h257.3c17.8 0 26.7 21.5 14.1 34.1L174.1 354.8c-7.8 7.8-20.5 7.8-28.3 0L17.2 226.1C4.6 213.5 13.5 192 31.3 192z"
              fill="currentColor"
              style={Object {}}
            />
          </svg>
          <h4
            className="c5"
            dangerouslySetInnerHTML={
              Object {
                "__html": "&euro;&nbsp;14",
              }
            }
          />
          <div>
            react-tooltip
          </div>
        </th>
      </tr>
    </thead>
    <tbody>
      <div
        style={
          Object {
            "height": 0,
            "overflow": "visible",
            "width": 0,
          }
        }
      />
    </tbody>
  </table>
</div>
`;
